2026/06/05 20:19:17 main.go:23: ╔══════════════════════════════════════════╗
2026/06/05 20:19:17 main.go:24: ║   局域网设备监控管理系统 v1.0.0         ║
2026/06/05 20:19:17 main.go:25: ║   LAN Monitor & Management System      ║
2026/06/05 20:19:17 main.go:26: ╚══════════════════════════════════════════╝
2026/06/05 20:19:17 main.go:59: [INFO] 服务器地址: :8080
2026/06/05 20:19:17 main.go:60: [INFO] 数据库路径: ./data/lan_monitor.db
2026/06/05 20:19:17 main.go:61: [INFO] 扫描间隔: 60 秒
2026/06/05 20:19:17 main.go:64: [INFO] 初始化数据库...
2026/06/05 20:20:36 main.go:23: ╔══════════════════════════════════════════╗
2026/06/05 20:20:36 main.go:24: ║   局域网设备监控管理系统 v1.0.0         ║
2026/06/05 20:20:36 main.go:25: ║   LAN Monitor & Management System      ║
2026/06/05 20:20:36 main.go:26: ╚══════════════════════════════════════════╝
2026/06/05 20:20:36 main.go:59: [INFO] 服务器地址: :8080
2026/06/05 20:20:36 main.go:60: [INFO] 数据库路径: ./data/lan_monitor.db
2026/06/05 20:20:36 main.go:61: [INFO] 扫描间隔: 60 秒
2026/06/05 20:20:36 main.go:64: [INFO] 初始化数据库...
2026/06/05 20:21:58 main.go:23: ╔══════════════════════════════════════════╗
2026/06/05 20:21:58 main.go:24: ║   局域网设备监控管理系统 v1.0.0         ║
2026/06/05 20:21:58 main.go:25: ║   LAN Monitor & Management System      ║
2026/06/05 20:21:58 main.go:26: ╚══════════════════════════════════════════╝
2026/06/05 20:21:58 main.go:59: [INFO] 服务器地址: :8080
2026/06/05 20:21:58 main.go:60: [INFO] 数据库路径: ./data/lan_monitor.db
2026/06/05 20:21:58 main.go:61: [INFO] 扫描间隔: 60 秒
2026/06/05 20:21:58 main.go:64: [INFO] 初始化数据库...
2026/06/05 20:34:06 main.go:23: ╔══════════════════════════════════════════╗
2026/06/05 20:34:06 main.go:24: ║   局域网设备监控管理系统 v1.0.0         ║
2026/06/05 20:34:06 main.go:25: ║   LAN Monitor & Management System      ║
2026/06/05 20:34:06 main.go:26: ╚══════════════════════════════════════════╝
2026/06/05 20:34:06 main.go:59: [INFO] 服务器地址: :8080
2026/06/05 20:34:06 main.go:60: [INFO] 数据库路径: ./data/lan_monitor.db
2026/06/05 20:34:06 main.go:61: [INFO] 扫描间隔: 60 秒
2026/06/05 20:34:06 main.go:64: [INFO] 初始化数据库...
[DB] Step 1: creating directory...
[DB] Step 2: opening database...
[DB] Step 3: configuring pool...
[DB] Step 4: PRAGMAs...
[DB] Step 4: PRAGMAs done
[DB] Step 5: autoMigrate...
[DB] Step 5: autoMigrate done
[DB] Step 6: seedData...
[DB] Step 6: seedData done
2026/06/05 20:34:06 main.go:69: [INFO] 数据库初始化完成
2026/06/05 20:34:06 main.go:73: [INFO] 初始化 WebSocket Hub...
2026/06/05 20:34:06 main.go:76: [INFO] WebSocket Hub 就绪
2026/06/05 20:34:06 main.go:79: [INFO] 初始化扫描服务...
2026/06/05 20:34:06 main.go:84: [INFO] 检测到本地网段: [192.168.179.0/24 172.17.0.0/24 172.18.0.0/24]
2026/06/05 20:34:06 main.go:87: [INFO] 启动定时任务调度器...
2026/06/05 20:34:06 scheduler.go:47: [Scheduler] All tasks started
2026/06/05 20:34:06 main.go:90: [INFO] 定时任务调度器已启动
2026/06/05 20:34:06 main.go:93: [INFO] 初始化路由...
2026/06/05 20:34:06 main.go:101: [INFO] Web 服务启动于 http://0.0.0.0:8080
2026/06/05 20:34:06 main.go:102: [INFO] 默认管理员账户: admin / admin123
2026/06/05 20:34:06 main.go:103: [INFO] 按 Ctrl+C 停止服务
2026/06/05 20:34:09 scheduler.go:60: [Scheduler] Running initial scan...
[GIN] 2026/06/05 - 20:34:10 | 200 |     123.651µs |             ::1 | GET      "/"
[GIN] 2026/06/05 - 20:34:33 | 200 |   61.740485ms |             ::1 | POST     "/api/v1/auth/login"
[GIN] 2026/06/05 - 20:34:33 | 200 |   59.224205ms |             ::1 | POST     "/api/v1/auth/login"
[GIN] 2026/06/05 - 20:34:33 | 200 |     541.648µs |             ::1 | GET      "/api/v1/dashboard"
[GIN] 2026/06/05 - 20:34:33 | 200 |     124.583µs |             ::1 | GET      "/static/css/app.css"
[GIN] 2026/06/05 - 20:34:33 | 200 |      68.373µs |             ::1 | GET      "/static/js/app.js"
[GIN] 2026/06/05 - 20:35:03 | 200 |      80.069µs |             ::1 | GET      "/static/css/app.css"
[GIN] 2026/06/05 - 20:35:03 | 200 |      93.345µs |             ::1 | GET      "/static/css/app.css"
[GIN] 2026/06/05 - 20:35:03 | 200 |     100.097µs |             ::1 | GET      "/static/js/app.js"
[GIN] 2026/06/05 - 20:35:03 | 200 |     134.632µs |             ::1 | GET      "/static/js/app.js"
[GIN] 2026/06/05 - 20:35:03 | 200 |      72.573µs |             ::1 | GET      "/static/css/app.css"
[GIN] 2026/06/05 - 20:35:03 | 200 |      73.794µs |             ::1 | GET      "/static/js/app.js"
2026/06/05 20:35:26 scheduler.go:69: [Scheduler] Starting periodic scan...
2026/06/05 20:36:26 scheduler.go:69: [Scheduler] Starting periodic scan...
2026/06/05 20:37:26 scheduler.go:69: [Scheduler] Starting periodic scan...
2026/06/05 20:38:26 scheduler.go:69: [Scheduler] Starting periodic scan...
2026/06/05 20:39:26 scheduler.go:69: [Scheduler] Starting periodic scan...
2026/06/05 20:40:26 scheduler.go:69: [Scheduler] Starting periodic scan...
[GIN] 2026/06/05 - 20:40:51 | 200 |      69.678µs |             ::1 | GET      "/static/css/app.css"
[GIN] 2026/06/05 - 20:40:51 | 200 |      97.997µs |             ::1 | GET      "/static/notexist"
2026/06/05 20:41:25 main.go:111: [INFO] 正在关闭服务...
2026/06/05 20:41:25 scheduler.go:53: [Scheduler] All tasks stopped
2026/06/05 20:41:25 main.go:113: [INFO] 服务已关闭
2026/06/05 20:41:26 main.go:23: ╔══════════════════════════════════════════╗
2026/06/05 20:41:26 main.go:24: ║   局域网设备监控管理系统 v1.0.0         ║
2026/06/05 20:41:26 main.go:25: ║   LAN Monitor & Management System      ║
2026/06/05 20:41:26 main.go:26: ╚══════════════════════════════════════════╝
2026/06/05 20:41:26 main.go:59: [INFO] 服务器地址: :8080
2026/06/05 20:41:26 main.go:60: [INFO] 数据库路径: ./data/lan_monitor.db
2026/06/05 20:41:26 main.go:61: [INFO] 扫描间隔: 60 秒
2026/06/05 20:41:26 main.go:64: [INFO] 初始化数据库...
[DB] Step 1: creating directory...
[DB] Step 2: opening database...
[DB] Step 3: configuring pool...
[DB] Step 4: PRAGMAs...
[DB] Step 4: PRAGMAs done
[DB] Step 5: autoMigrate...
[DB] Step 5: autoMigrate done
[DB] Step 6: seedData...
[DB] Step 6: seedData done
2026/06/05 20:41:26 main.go:69: [INFO] 数据库初始化完成
2026/06/05 20:41:26 main.go:73: [INFO] 初始化 WebSocket Hub...
2026/06/05 20:41:26 main.go:76: [INFO] WebSocket Hub 就绪
2026/06/05 20:41:26 main.go:79: [INFO] 初始化扫描服务...
2026/06/05 20:41:26 main.go:84: [INFO] 检测到本地网段: [192.168.179.0/24 172.17.0.0/24 172.18.0.0/24]
2026/06/05 20:41:26 main.go:87: [INFO] 启动定时任务调度器...
2026/06/05 20:41:26 scheduler.go:47: [Scheduler] All tasks started
2026/06/05 20:41:26 main.go:90: [INFO] 定时任务调度器已启动
2026/06/05 20:41:26 main.go:93: [INFO] 初始化路由...
2026/06/05 20:41:26 main.go:101: [INFO] Web 服务启动于 http://0.0.0.0:8080
2026/06/05 20:41:26 main.go:102: [INFO] 默认管理员账户: admin / admin123
2026/06/05 20:41:26 main.go:103: [INFO] 按 Ctrl+C 停止服务
2026/06/05 20:41:29 scheduler.go:60: [Scheduler] Running initial scan...
[GIN] 2026/06/05 - 20:41:30 | 404 |      17.534µs |             ::1 | GET      "/static/css/app.css"
[GIN] 2026/06/05 - 20:41:30 | 404 |      26.616µs |             ::1 | GET      "/static/js/app.js"
2026/06/05 20:42:10 main.go:111: [INFO] 正在关闭服务...
2026/06/05 20:42:10 scheduler.go:53: [Scheduler] All tasks stopped
2026/06/05 20:42:10 main.go:113: [INFO] 服务已关闭
2026/06/05 20:42:11 main.go:23: ╔══════════════════════════════════════════╗
2026/06/05 20:42:11 main.go:24: ║   局域网设备监控管理系统 v1.0.0         ║
2026/06/05 20:42:11 main.go:25: ║   LAN Monitor & Management System      ║
2026/06/05 20:42:11 main.go:26: ╚══════════════════════════════════════════╝
2026/06/05 20:42:11 main.go:59: [INFO] 服务器地址: :8080
2026/06/05 20:42:11 main.go:60: [INFO] 数据库路径: ./data/lan_monitor.db
2026/06/05 20:42:11 main.go:61: [INFO] 扫描间隔: 60 秒
2026/06/05 20:42:11 main.go:64: [INFO] 初始化数据库...
[DB] Step 1: creating directory...
[DB] Step 2: opening database...
[DB] Step 3: configuring pool...
[DB] Step 4: PRAGMAs...
[DB] Step 4: PRAGMAs done
[DB] Step 5: autoMigrate...
[DB] Step 5: autoMigrate done
[DB] Step 6: seedData...
[DB] Step 6: seedData done
2026/06/05 20:42:11 main.go:69: [INFO] 数据库初始化完成
2026/06/05 20:42:11 main.go:73: [INFO] 初始化 WebSocket Hub...
2026/06/05 20:42:11 main.go:76: [INFO] WebSocket Hub 就绪
2026/06/05 20:42:11 main.go:79: [INFO] 初始化扫描服务...
2026/06/05 20:42:11 main.go:84: [INFO] 检测到本地网段: [192.168.179.0/24 172.17.0.0/24 172.18.0.0/24]
2026/06/05 20:42:11 main.go:87: [INFO] 启动定时任务调度器...
2026/06/05 20:42:11 scheduler.go:47: [Scheduler] All tasks started
2026/06/05 20:42:11 main.go:90: [INFO] 定时任务调度器已启动
2026/06/05 20:42:11 main.go:93: [INFO] 初始化路由...
2026/06/05 20:42:11 main.go:101: [INFO] Web 服务启动于 http://0.0.0.0:8080
2026/06/05 20:42:11 main.go:102: [INFO] 默认管理员账户: admin / admin123
2026/06/05 20:42:11 main.go:103: [INFO] 按 Ctrl+C 停止服务
2026/06/05 20:42:14 scheduler.go:60: [Scheduler] Running initial scan...
[GIN] 2026/06/05 - 20:42:15 | 404 |      13.502µs |             ::1 | GET      "/static/css/app.css"
[GIN] 2026/06/05 - 20:42:15 | 404 |       18.17µs |             ::1 | GET      "/static/js/app.js"
[GIN] 2026/06/05 - 20:42:15 | 404 |      11.917µs |             ::1 | GET      "/static/js/app.js"
[GIN] 2026/06/05 - 20:42:15 | 200 |      44.182µs |             ::1 | GET      "/"
2026/06/05 20:43:33 scheduler.go:69: [Scheduler] Starting periodic scan...
2026/06/05 20:43:40 main.go:111: [INFO] 正在关闭服务...
2026/06/05 20:43:50 main.go:23: ╔══════════════════════════════════════════╗
2026/06/05 20:43:50 main.go:24: ║   局域网设备监控管理系统 v1.0.0         ║
2026/06/05 20:43:50 main.go:25: ║   LAN Monitor & Management System      ║
2026/06/05 20:43:50 main.go:26: ╚══════════════════════════════════════════╝
2026/06/05 20:43:50 main.go:59: [INFO] 服务器地址: :8080
2026/06/05 20:43:50 main.go:60: [INFO] 数据库路径: ./data/lan_monitor.db
2026/06/05 20:43:50 main.go:61: [INFO] 扫描间隔: 60 秒
2026/06/05 20:43:50 main.go:64: [INFO] 初始化数据库...
[DB] Step 1: creating directory...
[DB] Step 2: opening database...
[DB] Step 3: configuring pool...
[DB] Step 4: PRAGMAs...
[DB] Step 4: PRAGMAs done
[DB] Step 5: autoMigrate...
[DB] Step 5: autoMigrate done
[DB] Step 6: seedData...
[DB] Step 6: seedData done
2026/06/05 20:43:50 main.go:69: [INFO] 数据库初始化完成
2026/06/05 20:43:50 main.go:73: [INFO] 初始化 WebSocket Hub...
2026/06/05 20:43:50 main.go:76: [INFO] WebSocket Hub 就绪
2026/06/05 20:43:50 main.go:79: [INFO] 初始化扫描服务...
2026/06/05 20:43:50 main.go:84: [INFO] 检测到本地网段: [192.168.179.0/24 172.17.0.0/24 172.18.0.0/24]
2026/06/05 20:43:50 main.go:87: [INFO] 启动定时任务调度器...
2026/06/05 20:43:50 scheduler.go:47: [Scheduler] All tasks started
2026/06/05 20:43:50 main.go:90: [INFO] 定时任务调度器已启动
2026/06/05 20:43:50 main.go:93: [INFO] 初始化路由...
2026/06/05 20:43:50 main.go:101: [INFO] Web 服务启动于 http://0.0.0.0:8080
2026/06/05 20:43:50 main.go:102: [INFO] 默认管理员账户: admin / admin123
2026/06/05 20:43:50 main.go:103: [INFO] 按 Ctrl+C 停止服务
2026/06/05 20:43:53 scheduler.go:60: [Scheduler] Running initial scan...
[GIN] 2026/06/05 - 20:43:54 | 200 |      73.048µs |             ::1 | GET      "/static/css/app.css"
[GIN] 2026/06/05 - 20:43:54 | 200 |      98.165µs |             ::1 | GET      "/static/js/app.js"
[GIN] 2026/06/05 - 20:43:54 | 200 |      82.442µs |             ::1 | GET      "/static/css/app.css"
[GIN] 2026/06/05 - 20:43:54 | 200 |      99.189µs |             ::1 | GET      "/static/js/app.js"
[GIN] 2026/06/05 - 20:43:54 | 200 |   53.592298ms |             ::1 | POST     "/api/v1/auth/login"
2026/06/05 20:44:15 main.go:111: [INFO] 正在关闭服务...
2026/06/05 20:44:15 scheduler.go:53: [Scheduler] All tasks stopped
2026/06/05 20:44:15 main.go:113: [INFO] 服务已关闭
2026/06/05 20:44:37 main.go:23: ╔══════════════════════════════════════════╗
2026/06/05 20:44:37 main.go:24: ║   局域网设备监控管理系统 v1.0.0         ║
2026/06/05 20:44:37 main.go:25: ║   LAN Monitor & Management System      ║
2026/06/05 20:44:37 main.go:26: ╚══════════════════════════════════════════╝
2026/06/05 20:44:37 main.go:59: [INFO] 服务器地址: :8080
2026/06/05 20:44:37 main.go:60: [INFO] 数据库路径: ./data/lan_monitor.db
2026/06/05 20:44:37 main.go:61: [INFO] 扫描间隔: 60 秒
2026/06/05 20:44:37 main.go:64: [INFO] 初始化数据库...
2026/06/05 20:44:37 main.go:69: [INFO] 数据库初始化完成
2026/06/05 20:44:37 main.go:73: [INFO] 初始化 WebSocket Hub...
2026/06/05 20:44:37 main.go:76: [INFO] WebSocket Hub 就绪
2026/06/05 20:44:37 main.go:79: [INFO] 初始化扫描服务...
2026/06/05 20:44:37 main.go:84: [INFO] 检测到本地网段: [192.168.179.0/24 172.17.0.0/24 172.18.0.0/24]
2026/06/05 20:44:37 main.go:87: [INFO] 启动定时任务调度器...
2026/06/05 20:44:37 scheduler.go:47: [Scheduler] All tasks started
2026/06/05 20:44:37 main.go:90: [INFO] 定时任务调度器已启动
2026/06/05 20:44:37 main.go:93: [INFO] 初始化路由...
2026/06/05 20:44:37 main.go:101: [INFO] Web 服务启动于 http://0.0.0.0:8080
2026/06/05 20:44:37 main.go:102: [INFO] 默认管理员账户: admin / admin123
2026/06/05 20:44:37 main.go:103: [INFO] 按 Ctrl+C 停止服务
2026/06/05 20:44:40 scheduler.go:60: [Scheduler] Running initial scan...
[GIN] 2026/06/05 - 20:44:45 | 200 |     127.234µs |       127.0.0.1 | GET      "/"
[GIN] 2026/06/05 - 20:44:46 | 200 |      82.985µs |       127.0.0.1 | GET      "/static/css/app.css"
[GIN] 2026/06/05 - 20:44:46 | 200 |      72.068µs |       127.0.0.1 | GET      "/static/js/app.js"
[GIN] 2026/06/05 - 20:44:51 | 200 |    58.40824ms |       127.0.0.1 | POST     "/api/v1/auth/login"
[GIN] 2026/06/05 - 20:44:51 | 200 |     105.445µs |       127.0.0.1 | GET      "/ws"
[GIN] 2026/06/05 - 20:44:51 | 200 |     980.927µs |       127.0.0.1 | GET      "/api/v1/dashboard"
[GIN] 2026/06/05 - 20:44:51 | 200 |     808.871µs |       127.0.0.1 | GET      "/api/v1/alerts/stats"
[GIN] 2026/06/05 - 20:45:12 | 200 |     533.038µs |       127.0.0.1 | GET      "/api/v1/devices?page=1&size=20&search=&status=&type=&sort=last_seen&order=desc"
[GIN] 2026/06/05 - 20:45:21 | 200 |       302.1µs |       127.0.0.1 | GET      "/api/v1/traffic/rank?limit=20"
[GIN] 2026/06/05 - 20:45:26 | 200 |     350.806µs |       127.0.0.1 | GET      "/api/v1/alerts?page=1&size=20&status=&level="
[GIN] 2026/06/05 - 20:45:32 | 200 |     460.083µs |       127.0.0.1 | GET      "/api/v1/users?page=1&size=20"
[GIN] 2026/06/05 - 20:45:56 | 201 |   52.740862ms |       127.0.0.1 | POST     "/api/v1/users"
[GIN] 2026/06/05 - 20:45:56 | 200 |      240.84µs |       127.0.0.1 | GET      "/api/v1/users?page=1&size=20"
2026/06/05 20:45:59 scheduler.go:69: [Scheduler] Starting periodic scan...
[GIN] 2026/06/05 - 20:46:00 | 200 |     445.706µs |       127.0.0.1 | GET      "/api/v1/devices?page=1&size=20&search=&status=&type=&sort=last_seen&order=desc"
[GIN] 2026/06/05 - 20:46:00 | 200 |     293.139µs |       127.0.0.1 | GET      "/api/v1/audit?page=1&size=50"
[GIN] 2026/06/05 - 20:46:08 | 200 |     311.803µs |       127.0.0.1 | GET      "/api/v1/scans/config"
[GIN] 2026/06/05 - 20:46:08 | 200 |     136.466µs |       127.0.0.1 | GET      "/api/v1/system/info"
[GIN] 2026/06/05 - 20:46:14 | 200 |     605.348µs |       127.0.0.1 | PUT      "/api/v1/scans/config"
[GIN] 2026/06/05 - 20:46:24 | 200 |     717.295µs |       127.0.0.1 | GET      "/api/v1/dashboard"
[GIN] 2026/06/05 - 20:46:24 | 200 |    2.144636ms |       127.0.0.1 | GET      "/api/v1/alerts/stats"
2026/06/05 20:46:59 scheduler.go:69: [Scheduler] Starting periodic scan...
2026/06/05 20:47:17 main.go:111: [INFO] 正在关闭服务...
2026/06/05 20:47:22 scheduler.go:53: [Scheduler] All tasks stopped
2026/06/05 20:47:22 main.go:113: [INFO] 服务已关闭
